// Jest Snapshot v1, https://goo.gl/fbAQLP

exports[`Trends should render correctly 1`] = `
<div>
  <div
    class="sc-gsnTZi gnbPLf"
  >
    <h2
      class="sc-hKMtZM"
    >
      Trends
    </h2>
    <div
      class="sc-bczRLJ emMGHK"
    >
      <button
        class="sc-dkzDqf jDbBST"
        data-testid="all-reviews-button"
        disabled=""
      >
        All reviews
      </button>
      <button
        class="sc-dkzDqf jDbBST"
        data-testid="6months-button"
      >
        6 Months Chart
      </button>
    </div>
    <div
      class="sc-eCYdqJ dRQMdk"
    >
      <div
        data-testid="doughnut-chart"
      >
        Doughnut Chart
      </div>
    </div>
  </div>
</div>
`;
