// Jest Snapshot v1, https://goo.gl/fbAQLP

exports[`Product should render correctly 1`] = `
<div>
  <section
    class="sc-bczRLJ ivcAgi"
  >
    <div
      class="sc-dkzDqf imValF"
    >
      <h1
        class="sc-gsnTZi dYRvFZ"
      >
        NEW COLLECTION SHOES
      </h1>
      <p
        class="sc-eCYdqJ lkgqUi"
      >
        BRAND NAME
      </p>
      <div
        class="sc-ftvSup gfmphw"
      >
        <svg
          aria-hidden="true"
          class="StyledIconBase-ea9ulj-0 lbJwfL sc-papXJ cBWJbq"
          fill="currentColor"
          focusable="false"
          viewBox="0 0 24 24"
          xmlns="http://www.w3.org/2000/svg"
        >
          <path
            d="M21.947 9.179a1.001 1.001 0 0 0-.868-.676l-5.701-.453-2.467-5.461a.998.998 0 0 0-1.822-.001L8.622 8.05l-5.701.453a1 1 0 0 0-.619 1.713l4.213 4.107-1.49 6.452a1 1 0 0 0 1.53 1.057L12 18.202l5.445 3.63a1.001 1.001 0 0 0 1.517-1.106l-1.829-6.4 4.536-4.082c.297-.268.406-.686.278-1.065z"
          />
        </svg>
        3.3
        <span
          class="sc-iBkjds kgqTNU"
        >
           /5 starts
        </span>
      </div>
      <div
        class="sc-jSMfEi fhEiGU"
        data-testid="description"
      >
        <p
          class="sc-hKMtZM jZlNPe"
        >
          Lorem ipsum dolor sit amet, consectetur adipiscing elit. Ut justo urna, efficitur et tempus non, condimentum nec eros. Aenean a nisi eget lectus tincidunt egestas et in odio. In sagittis a nunc ut tincidunt. Sed finibus convallis elit quis vestibulum.
        </p>
        <p>
          100$
        </p>
      </div>
      <a
        class="sc-jqUVSM fWCZwB"
        href="#review-form"
      >
        Review Product
      </a>
    </div>
    <div
      class="sc-kDDrLX eHzIDo"
    >
      <div
        class="sc-iqcoie iYeNCs"
      />
    </div>
  </section>
</div>
`;
